
> proof@0.1.0 dev
> next dev

▲ Next.js 16.2.10 (Turbopack)
- Local:         http://localhost:3000
- Network:       http://10.32.28.168:3000
- Environments: .env
✓ Ready in 1458ms

 GET /brief?project=30f8f32c-45ba-4dee-97bd-88e9c3e3026e 200 in 1515ms (next.js: 284ms, proxy.ts: 788ms, application-code: 443ms)
 GET /api/profile 200 in 623ms (next.js: 205ms, proxy.ts: 97ms, application-code: 320ms)
 GET /api/brief?projectId=30f8f32c-45ba-4dee-97bd-88e9c3e3026e 200 in 682ms (next.js: 79ms, proxy.ts: 365ms, application-code: 238ms)
 GET /api/projects 200 in 711ms (next.js: 63ms, proxy.ts: 481ms, application-code: 167ms)
 GET /api/footage?briefId=c78781ca-9cd0-4c7a-a331-393c5d574f8f 200 in 252ms (next.js: 74ms, proxy.ts: 45ms, application-code: 133ms)
 GET / 200 in 297ms (next.js: 53ms, proxy.ts: 8ms, application-code: 235ms)
 GET /api/profile 200 in 291ms (next.js: 28ms, proxy.ts: 129ms, application-code: 134ms)
 GET /api/profile 200 in 335ms (next.js: 31ms, proxy.ts: 110ms, application-code: 195ms)
 POST /api/render 200 in 887ms (next.js: 179ms, proxy.ts: 71ms, application-code: 637ms)
 GET /api/profile 200 in 249ms (next.js: 17ms, proxy.ts: 106ms, application-code: 126ms)
 GET /api/render?jobId=6dbd9d8e-83a3-4379-99af-8c98d21875fd&briefId=c78781ca-9cd0-4c7a-a331-393c5d574f8f 200 in 333ms (next.js: 11ms, proxy.ts: 75ms, application-code: 248ms)
 GET /api/render?jobId=6dbd9d8e-83a3-4379-99af-8c98d21875fd&briefId=c78781ca-9cd0-4c7a-a331-393c5d574f8f 200 in 358ms (next.js: 23ms, proxy.ts: 84ms, application-code: 251ms)
 GET /api/render?jobId=6dbd9d8e-83a3-4379-99af-8c98d21875fd&briefId=c78781ca-9cd0-4c7a-a331-393c5d574f8f 200 in 262ms (next.js: 12ms, proxy.ts: 47ms, application-code: 203ms)
 GET /api/render?jobId=6dbd9d8e-83a3-4379-99af-8c98d21875fd&briefId=c78781ca-9cd0-4c7a-a331-393c5d574f8f 200 in 256ms (next.js: 9ms, proxy.ts: 60ms, application-code: 187ms)
 GET /api/render?jobId=6dbd9d8e-83a3-4379-99af-8c98d21875fd&briefId=c78781ca-9cd0-4c7a-a331-393c5d574f8f 200 in 309ms (next.js: 12ms, proxy.ts: 58ms, application-code: 239ms)
 GET /api/render?jobId=6dbd9d8e-83a3-4379-99af-8c98d21875fd&briefId=c78781ca-9cd0-4c7a-a331-393c5d574f8f 200 in 264ms (next.js: 9ms, proxy.ts: 60ms, application-code: 194ms)
 GET /api/render?jobId=6dbd9d8e-83a3-4379-99af-8c98d21875fd&briefId=c78781ca-9cd0-4c7a-a331-393c5d574f8f 200 in 233ms (next.js: 11ms, proxy.ts: 51ms, application-code: 171ms)
 GET /api/render?jobId=6dbd9d8e-83a3-4379-99af-8c98d21875fd&briefId=c78781ca-9cd0-4c7a-a331-393c5d574f8f 200 in 279ms (next.js: 17ms, proxy.ts: 56ms, application-code: 206ms)
 GET /api/render?jobId=6dbd9d8e-83a3-4379-99af-8c98d21875fd&briefId=c78781ca-9cd0-4c7a-a331-393c5d574f8f 200 in 266ms (next.js: 10ms, proxy.ts: 63ms, application-code: 193ms)
 GET /api/render?jobId=6dbd9d8e-83a3-4379-99af-8c98d21875fd&briefId=c78781ca-9cd0-4c7a-a331-393c5d574f8f 200 in 320ms (next.js: 16ms, proxy.ts: 51ms, application-code: 253ms)
 GET /api/render?jobId=6dbd9d8e-83a3-4379-99af-8c98d21875fd&briefId=c78781ca-9cd0-4c7a-a331-393c5d574f8f 200 in 262ms (next.js: 8ms, proxy.ts: 52ms, application-code: 203ms)
 GET /api/render?jobId=6dbd9d8e-83a3-4379-99af-8c98d21875fd&briefId=c78781ca-9cd0-4c7a-a331-393c5d574f8f 200 in 271ms (next.js: 9ms, proxy.ts: 49ms, application-code: 213ms)
 GET /api/render?jobId=6dbd9d8e-83a3-4379-99af-8c98d21875fd&briefId=c78781ca-9cd0-4c7a-a331-393c5d574f8f 200 in 251ms (next.js: 20ms, proxy.ts: 50ms, application-code: 181ms)
 GET /api/render?jobId=6dbd9d8e-83a3-4379-99af-8c98d21875fd&briefId=c78781ca-9cd0-4c7a-a331-393c5d574f8f 200 in 299ms (next.js: 11ms, proxy.ts: 51ms, application-code: 238ms)
 GET /api/render?jobId=6dbd9d8e-83a3-4379-99af-8c98d21875fd&briefId=c78781ca-9cd0-4c7a-a331-393c5d574f8f 200 in 235ms (next.js: 13ms, proxy.ts: 45ms, application-code: 177ms)
 GET /api/render?jobId=6dbd9d8e-83a3-4379-99af-8c98d21875fd&briefId=c78781ca-9cd0-4c7a-a331-393c5d574f8f 200 in 180ms (next.js: 5ms, proxy.ts: 37ms, application-code: 137ms)
 GET /api/render?jobId=6dbd9d8e-83a3-4379-99af-8c98d21875fd&briefId=c78781ca-9cd0-4c7a-a331-393c5d574f8f 200 in 335ms (next.js: 20ms, proxy.ts: 94ms, application-code: 221ms)
 GET /api/render?jobId=6dbd9d8e-83a3-4379-99af-8c98d21875fd&briefId=c78781ca-9cd0-4c7a-a331-393c5d574f8f 200 in 254ms (next.js: 11ms, proxy.ts: 51ms, application-code: 193ms)
 GET /api/render?jobId=6dbd9d8e-83a3-4379-99af-8c98d21875fd&briefId=c78781ca-9cd0-4c7a-a331-393c5d574f8f 200 in 221ms (next.js: 7ms, proxy.ts: 40ms, application-code: 174ms)
 GET /api/render?jobId=6dbd9d8e-83a3-4379-99af-8c98d21875fd&briefId=c78781ca-9cd0-4c7a-a331-393c5d574f8f 200 in 280ms (next.js: 8ms, proxy.ts: 49ms, application-code: 224ms)
 GET /api/render?jobId=6dbd9d8e-83a3-4379-99af-8c98d21875fd&briefId=c78781ca-9cd0-4c7a-a331-393c5d574f8f 200 in 360ms (next.js: 9ms, proxy.ts: 53ms, application-code: 297ms)
 GET /api/render?jobId=6dbd9d8e-83a3-4379-99af-8c98d21875fd&briefId=c78781ca-9cd0-4c7a-a331-393c5d574f8f 200 in 232ms (next.js: 11ms, proxy.ts: 49ms, application-code: 172ms)
 GET /api/render?jobId=6dbd9d8e-83a3-4379-99af-8c98d21875fd&briefId=c78781ca-9cd0-4c7a-a331-393c5d574f8f 200 in 244ms (next.js: 9ms, proxy.ts: 52ms, application-code: 183ms)
 GET /api/render?jobId=6dbd9d8e-83a3-4379-99af-8c98d21875fd&briefId=c78781ca-9cd0-4c7a-a331-393c5d574f8f 200 in 745ms (next.js: 15ms, proxy.ts: 362ms, application-code: 368ms)
 GET /api/render?jobId=6dbd9d8e-83a3-4379-99af-8c98d21875fd&briefId=c78781ca-9cd0-4c7a-a331-393c5d574f8f 200 in 302ms (next.js: 16ms, proxy.ts: 60ms, application-code: 226ms)
 GET /api/render?jobId=6dbd9d8e-83a3-4379-99af-8c98d21875fd&briefId=c78781ca-9cd0-4c7a-a331-393c5d574f8f 200 in 450ms (next.js: 13ms, proxy.ts: 90ms, application-code: 347ms)
 GET /api/render?jobId=6dbd9d8e-83a3-4379-99af-8c98d21875fd&briefId=c78781ca-9cd0-4c7a-a331-393c5d574f8f 200 in 289ms (next.js: 14ms, proxy.ts: 57ms, application-code: 218ms)
 GET /api/render?jobId=6dbd9d8e-83a3-4379-99af-8c98d21875fd&briefId=c78781ca-9cd0-4c7a-a331-393c5d574f8f 200 in 318ms (next.js: 14ms, proxy.ts: 66ms, application-code: 237ms)
 GET /api/render?jobId=6dbd9d8e-83a3-4379-99af-8c98d21875fd&briefId=c78781ca-9cd0-4c7a-a331-393c5d574f8f 200 in 299ms (next.js: 13ms, proxy.ts: 59ms, application-code: 227ms)
 GET /api/render?jobId=6dbd9d8e-83a3-4379-99af-8c98d21875fd&briefId=c78781ca-9cd0-4c7a-a331-393c5d574f8f 200 in 446ms (next.js: 49ms, proxy.ts: 70ms, application-code: 328ms)
 GET /api/render?jobId=6dbd9d8e-83a3-4379-99af-8c98d21875fd&briefId=c78781ca-9cd0-4c7a-a331-393c5d574f8f 200 in 263ms (next.js: 11ms, proxy.ts: 48ms, application-code: 204ms)
 GET /api/render?jobId=6dbd9d8e-83a3-4379-99af-8c98d21875fd&briefId=c78781ca-9cd0-4c7a-a331-393c5d574f8f 200 in 256ms (next.js: 9ms, proxy.ts: 58ms, application-code: 188ms)
 GET /api/render?jobId=6dbd9d8e-83a3-4379-99af-8c98d21875fd&briefId=c78781ca-9cd0-4c7a-a331-393c5d574f8f 200 in 274ms (next.js: 20ms, proxy.ts: 63ms, application-code: 192ms)
 GET /api/render?jobId=6dbd9d8e-83a3-4379-99af-8c98d21875fd&briefId=c78781ca-9cd0-4c7a-a331-393c5d574f8f 200 in 355ms (next.js: 19ms, proxy.ts: 106ms, application-code: 230ms)
 GET /api/render?jobId=6dbd9d8e-83a3-4379-99af-8c98d21875fd&briefId=c78781ca-9cd0-4c7a-a331-393c5d574f8f 200 in 203ms (next.js: 7ms, proxy.ts: 39ms, application-code: 158ms)
 GET /api/render?jobId=6dbd9d8e-83a3-4379-99af-8c98d21875fd&briefId=c78781ca-9cd0-4c7a-a331-393c5d574f8f 200 in 238ms (next.js: 13ms, proxy.ts: 71ms, application-code: 154ms)
 GET /api/profile 200 in 226ms (next.js: 14ms, proxy.ts: 52ms, application-code: 160ms)
 GET /api/render?jobId=6dbd9d8e-83a3-4379-99af-8c98d21875fd&briefId=c78781ca-9cd0-4c7a-a331-393c5d574f8f 200 in 252ms (next.js: 12ms, proxy.ts: 51ms, application-code: 189ms)
 GET /api/render?jobId=6dbd9d8e-83a3-4379-99af-8c98d21875fd&briefId=c78781ca-9cd0-4c7a-a331-393c5d574f8f 200 in 280ms (next.js: 4ms, proxy.ts: 58ms, application-code: 217ms)
 GET /api/render?jobId=6dbd9d8e-83a3-4379-99af-8c98d21875fd&briefId=c78781ca-9cd0-4c7a-a331-393c5d574f8f 200 in 275ms (next.js: 11ms, proxy.ts: 47ms, application-code: 217ms)
 GET /api/render?jobId=6dbd9d8e-83a3-4379-99af-8c98d21875fd&briefId=c78781ca-9cd0-4c7a-a331-393c5d574f8f 200 in 285ms (next.js: 10ms, proxy.ts: 79ms, application-code: 197ms)
 GET /api/render?jobId=6dbd9d8e-83a3-4379-99af-8c98d21875fd&briefId=c78781ca-9cd0-4c7a-a331-393c5d574f8f 200 in 239ms (next.js: 7ms, proxy.ts: 41ms, application-code: 191ms)
 GET /api/render?jobId=6dbd9d8e-83a3-4379-99af-8c98d21875fd&briefId=c78781ca-9cd0-4c7a-a331-393c5d574f8f 200 in 211ms (next.js: 7ms, proxy.ts: 50ms, application-code: 153ms)
 GET /api/render?jobId=6dbd9d8e-83a3-4379-99af-8c98d21875fd&briefId=c78781ca-9cd0-4c7a-a331-393c5d574f8f 200 in 235ms (next.js: 8ms, proxy.ts: 46ms, application-code: 181ms)
 GET /api/render?jobId=6dbd9d8e-83a3-4379-99af-8c98d21875fd&briefId=c78781ca-9cd0-4c7a-a331-393c5d574f8f 200 in 220ms (next.js: 11ms, proxy.ts: 42ms, application-code: 167ms)
 GET /api/render?jobId=6dbd9d8e-83a3-4379-99af-8c98d21875fd&briefId=c78781ca-9cd0-4c7a-a331-393c5d574f8f 200 in 223ms (next.js: 14ms, proxy.ts: 56ms, application-code: 153ms)
 GET /api/profile 200 in 362ms (next.js: 10ms, proxy.ts: 167ms, application-code: 186ms)
 GET /api/profile 200 in 305ms (next.js: 16ms, proxy.ts: 104ms, application-code: 184ms)
 GET /login?jobId=6dbd9d8e-83a3-4379-99af-8c98d21875fd&briefId=c78781ca-9cd0-4c7a-a331-393c5d574f8f&next=%2Fapi%2Frender 200 in 226ms (next.js: 62ms, proxy.ts: 4ms, application-code: 160ms)
 GET /api/profile 200 in 287ms (next.js: 7ms, proxy.ts: 162ms, application-code: 118ms)
 GET /api/profile 200 in 135ms (next.js: 5ms, proxy.ts: 34ms, application-code: 96ms)
 GET /api/profile 200 in 148ms (next.js: 4ms, proxy.ts: 61ms, application-code: 83ms)
 DELETE /api/render 200 in 737ms (next.js: 6ms, proxy.ts: 158ms, application-code: 572ms)
 GET /api/profile 200 in 422ms (next.js: 6ms, proxy.ts: 197ms, application-code: 220ms)
 POST /api/render 200 in 330ms (next.js: 12ms, proxy.ts: 40ms, application-code: 278ms)
 GET /api/profile 200 in 182ms (next.js: 5ms, proxy.ts: 74ms, application-code: 103ms)
 GET /api/render?jobId=f08d0697-0430-4f1b-a3c2-6d4ee43684c4&briefId=c78781ca-9cd0-4c7a-a331-393c5d574f8f 200 in 290ms (next.js: 7ms, proxy.ts: 49ms, application-code: 234ms)
 GET /api/render?jobId=f08d0697-0430-4f1b-a3c2-6d4ee43684c4&briefId=c78781ca-9cd0-4c7a-a331-393c5d574f8f 200 in 252ms (next.js: 24ms, proxy.ts: 54ms, application-code: 175ms)
 GET /api/render?jobId=f08d0697-0430-4f1b-a3c2-6d4ee43684c4&briefId=c78781ca-9cd0-4c7a-a331-393c5d574f8f 200 in 258ms (next.js: 7ms, proxy.ts: 48ms, application-code: 202ms)
 GET /api/render?jobId=f08d0697-0430-4f1b-a3c2-6d4ee43684c4&briefId=c78781ca-9cd0-4c7a-a331-393c5d574f8f 200 in 226ms (next.js: 7ms, proxy.ts: 35ms, application-code: 184ms)
 GET /api/render?jobId=f08d0697-0430-4f1b-a3c2-6d4ee43684c4&briefId=c78781ca-9cd0-4c7a-a331-393c5d574f8f 200 in 213ms (next.js: 6ms, proxy.ts: 49ms, application-code: 158ms)
 GET /api/render?jobId=f08d0697-0430-4f1b-a3c2-6d4ee43684c4&briefId=c78781ca-9cd0-4c7a-a331-393c5d574f8f 200 in 252ms (next.js: 5ms, proxy.ts: 66ms, application-code: 181ms)
 GET /api/render?jobId=f08d0697-0430-4f1b-a3c2-6d4ee43684c4&briefId=c78781ca-9cd0-4c7a-a331-393c5d574f8f 200 in 167ms (next.js: 4ms, proxy.ts: 31ms, application-code: 132ms)
 GET /api/render?jobId=f08d0697-0430-4f1b-a3c2-6d4ee43684c4&briefId=c78781ca-9cd0-4c7a-a331-393c5d574f8f 200 in 244ms (next.js: 7ms, proxy.ts: 39ms, application-code: 197ms)
 GET /api/render?jobId=f08d0697-0430-4f1b-a3c2-6d4ee43684c4&briefId=c78781ca-9cd0-4c7a-a331-393c5d574f8f 200 in 199ms (next.js: 9ms, proxy.ts: 34ms, application-code: 156ms)
 GET /api/render?jobId=f08d0697-0430-4f1b-a3c2-6d4ee43684c4&briefId=c78781ca-9cd0-4c7a-a331-393c5d574f8f 200 in 249ms (next.js: 4ms, proxy.ts: 31ms, application-code: 215ms)
 GET /api/render?jobId=f08d0697-0430-4f1b-a3c2-6d4ee43684c4&briefId=c78781ca-9cd0-4c7a-a331-393c5d574f8f 200 in 189ms (next.js: 3ms, proxy.ts: 37ms, application-code: 149ms)
 GET /api/render?jobId=f08d0697-0430-4f1b-a3c2-6d4ee43684c4&briefId=c78781ca-9cd0-4c7a-a331-393c5d574f8f 200 in 191ms (next.js: 8ms, proxy.ts: 34ms, application-code: 149ms)
 GET /api/render?jobId=f08d0697-0430-4f1b-a3c2-6d4ee43684c4&briefId=c78781ca-9cd0-4c7a-a331-393c5d574f8f 200 in 237ms (next.js: 4ms, proxy.ts: 38ms, application-code: 195ms)
 GET /api/render?jobId=f08d0697-0430-4f1b-a3c2-6d4ee43684c4&briefId=c78781ca-9cd0-4c7a-a331-393c5d574f8f 200 in 225ms (next.js: 9ms, proxy.ts: 42ms, application-code: 174ms)
 GET /api/render?jobId=f08d0697-0430-4f1b-a3c2-6d4ee43684c4&briefId=c78781ca-9cd0-4c7a-a331-393c5d574f8f 200 in 196ms (next.js: 6ms, proxy.ts: 38ms, application-code: 152ms)
 GET /api/render?jobId=f08d0697-0430-4f1b-a3c2-6d4ee43684c4&briefId=c78781ca-9cd0-4c7a-a331-393c5d574f8f 200 in 197ms (next.js: 6ms, proxy.ts: 34ms, application-code: 157ms)
 GET /api/render?jobId=f08d0697-0430-4f1b-a3c2-6d4ee43684c4&briefId=c78781ca-9cd0-4c7a-a331-393c5d574f8f 200 in 349ms (next.js: 74ms, proxy.ts: 35ms, application-code: 240ms)
 GET /api/profile 200 in 157ms (next.js: 6ms, proxy.ts: 35ms, application-code: 116ms)
 GET /api/render?jobId=f08d0697-0430-4f1b-a3c2-6d4ee43684c4&briefId=c78781ca-9cd0-4c7a-a331-393c5d574f8f 200 in 226ms (next.js: 10ms, proxy.ts: 32ms, application-code: 184ms)
 GET /api/render?jobId=f08d0697-0430-4f1b-a3c2-6d4ee43684c4&briefId=c78781ca-9cd0-4c7a-a331-393c5d574f8f 200 in 228ms (next.js: 9ms, proxy.ts: 46ms, application-code: 173ms)
 GET /api/render?jobId=f08d0697-0430-4f1b-a3c2-6d4ee43684c4&briefId=c78781ca-9cd0-4c7a-a331-393c5d574f8f 200 in 400ms (next.js: 10ms, proxy.ts: 107ms, application-code: 282ms)
 GET /api/render?jobId=f08d0697-0430-4f1b-a3c2-6d4ee43684c4&briefId=c78781ca-9cd0-4c7a-a331-393c5d574f8f 200 in 311ms (next.js: 8ms, proxy.ts: 91ms, application-code: 212ms)
 GET /api/profile 200 in 195ms (next.js: 20ms, proxy.ts: 46ms, application-code: 129ms)
 GET /api/render?jobId=f08d0697-0430-4f1b-a3c2-6d4ee43684c4&briefId=c78781ca-9cd0-4c7a-a331-393c5d574f8f 200 in 248ms (next.js: 10ms, proxy.ts: 39ms, application-code: 199ms)
 GET /api/render?jobId=f08d0697-0430-4f1b-a3c2-6d4ee43684c4&briefId=c78781ca-9cd0-4c7a-a331-393c5d574f8f 200 in 249ms (next.js: 7ms, proxy.ts: 55ms, application-code: 187ms)
 GET /api/render?jobId=f08d0697-0430-4f1b-a3c2-6d4ee43684c4&briefId=c78781ca-9cd0-4c7a-a331-393c5d574f8f 200 in 212ms (next.js: 5ms, proxy.ts: 51ms, application-code: 156ms)
 GET /api/render?jobId=f08d0697-0430-4f1b-a3c2-6d4ee43684c4&briefId=c78781ca-9cd0-4c7a-a331-393c5d574f8f 200 in 206ms (next.js: 9ms, proxy.ts: 34ms, application-code: 163ms)
 GET /api/render?jobId=f08d0697-0430-4f1b-a3c2-6d4ee43684c4&briefId=c78781ca-9cd0-4c7a-a331-393c5d574f8f 200 in 312ms (next.js: 4ms, proxy.ts: 110ms, application-code: 197ms)
 GET /api/profile 200 in 213ms (next.js: 10ms, proxy.ts: 51ms, application-code: 153ms)
 GET /api/render?jobId=f08d0697-0430-4f1b-a3c2-6d4ee43684c4&briefId=c78781ca-9cd0-4c7a-a331-393c5d574f8f 200 in 262ms (next.js: 4ms, proxy.ts: 51ms, application-code: 206ms)
 GET /api/render?jobId=f08d0697-0430-4f1b-a3c2-6d4ee43684c4&briefId=c78781ca-9cd0-4c7a-a331-393c5d574f8f 200 in 252ms (next.js: 5ms, proxy.ts: 60ms, application-code: 187ms)
 GET /api/render?jobId=f08d0697-0430-4f1b-a3c2-6d4ee43684c4&briefId=c78781ca-9cd0-4c7a-a331-393c5d574f8f 200 in 431ms (next.js: 12ms, proxy.ts: 247ms, application-code: 172ms)
 GET /api/profile 200 in 231ms (next.js: 18ms, proxy.ts: 38ms, application-code: 176ms)
 GET /api/profile 200 in 170ms (next.js: 12ms, proxy.ts: 42ms, application-code: 116ms)
 GET /api/profile 200 in 355ms (next.js: 7ms, proxy.ts: 210ms, application-code: 138ms)
 GET /api/profile 200 in 262ms (next.js: 3ms, proxy.ts: 137ms, application-code: 122ms)
 GET /api/profile 200 in 347ms (next.js: 7ms, proxy.ts: 101ms, application-code: 239ms)
 GET /api/profile 200 in 263ms (next.js: 7ms, proxy.ts: 94ms, application-code: 162ms)
 GET /api/profile 200 in 477ms (next.js: 11ms, proxy.ts: 291ms, application-code: 175ms)
 GET /api/profile 200 in 310ms (next.js: 3ms, proxy.ts: 208ms, application-code: 99ms)
 GET /api/profile 200 in 277ms (next.js: 24ms, proxy.ts: 72ms, application-code: 181ms)
